[debug] [2026-07-17T09:47:41.224Z] ----------------------------------------------------------------------
[debug] [2026-07-17T09:47:41.227Z] Command:       C:\nodejs\node.exe C:\Users\由基\AppData\Roaming\npm\node_modules\firebase-tools\lib\bin\firebase.js deploy --only hosting
[debug] [2026-07-17T09:47:41.227Z] CLI Version:   15.18.0
[debug] [2026-07-17T09:47:41.227Z] Platform:      win32
[debug] [2026-07-17T09:47:41.227Z] Node Version:  v24.18.0
[debug] [2026-07-17T09:47:41.227Z] Time:          Fri Jul 17 2026 18:47:41 GMT+0900 (日本標準時)
[debug] [2026-07-17T09:47:41.227Z] ----------------------------------------------------------------------
[debug] 
[debug] [2026-07-17T09:47:41.229Z] >>> [apiv2][query] GET https://firebase-public.firebaseio.com/cli.json [none]
[debug] [2026-07-17T09:48:15.079Z] > command requires scopes: ["email","openid","https://www.googleapis.com/auth/cloudplatformprojects.readonly","https://www.googleapis.com/auth/firebase","https://www.googleapis.com/auth/cloud-platform"]
[debug] [2026-07-17T09:48:15.079Z] > authorizing via signed-in user (toeiclearningapp@gmail.com)
[debug] [2026-07-17T09:48:15.079Z] [iam] checking project english-learning-app-d1a88 for permissions ["firebase.projects.get","firebasehosting.sites.update"]
[debug] [2026-07-17T09:48:15.080Z] Checked if tokens are valid: false, expires at: 1784125745236
[debug] [2026-07-17T09:48:15.080Z] Checked if tokens are valid: false, expires at: 1784125745236
[debug] [2026-07-17T09:48:15.080Z] > refreshing access token with scopes: []
[debug] [2026-07-17T09:48:15.081Z] >>> [apiv2][query] POST https://www.googleapis.com/oauth2/v3/token [none]
[debug] [2026-07-17T09:48:15.081Z] >>> [apiv2][body] POST https://www.googleapis.com/oauth2/v3/token [omitted]
[debug] [2026-07-17T09:48:15.206Z] <<< [apiv2][status] POST https://www.googleapis.com/oauth2/v3/token 200
[debug] [2026-07-17T09:48:15.207Z] <<< [apiv2][body] POST https://www.googleapis.com/oauth2/v3/token [omitted]
[debug] [2026-07-17T09:48:15.230Z] >>> [apiv2][query] POST https://cloudresourcemanager.googleapis.com/v1/projects/english-learning-app-d1a88:testIamPermissions [none]
[debug] [2026-07-17T09:48:15.230Z] >>> [apiv2][(partial)header] POST https://cloudresourcemanager.googleapis.com/v1/projects/english-learning-app-d1a88:testIamPermissions  x-goog-user-project=english-learning-app-d1a88
[debug] [2026-07-17T09:48:15.230Z] >>> [apiv2][body] POST https://cloudresourcemanager.googleapis.com/v1/projects/english-learning-app-d1a88:testIamPermissions {"permissions":["firebase.projects.get","firebasehosting.sites.update"]}
[debug] [2026-07-17T09:48:15.402Z] <<< [apiv2][status] GET https://firebase-public.firebaseio.com/cli.json 200
[debug] [2026-07-17T09:48:15.402Z] <<< [apiv2][body] GET https://firebase-public.firebaseio.com/cli.json {"cloudBuildErrorAfter":1594252800000,"cloudBuildWarnAfter":1590019200000,"defaultNode10After":1594252800000,"minVersion":"3.0.5","node8DeploysDisabledAfter":1613390400000,"node8RuntimeDisabledAfter":1615809600000,"node8WarnAfter":1600128000000}
